  Determining projects to restore...
  All projects are up-to-date for restore.
  Hagalaz.Collections.Extensions -> /app/Hagalaz.Collections.Extensions/bin/Debug/net10.0/Hagalaz.Collections.Extensions.dll
  Hagalaz.Cache.Abstractions -> /app/Hagalaz.Cache.Abstractions/bin/Debug/net10.0/Hagalaz.Cache.Abstractions.dll
  Raido.Common -> /app/Raido.Common/bin/Debug/net10.0/Raido.Common.dll
  Hagalaz.Security -> /app/Hagalaz.Security/bin/Debug/net10.0/Hagalaz.Security.dll
  Hagalaz.Game.Resources -> /app/Hagalaz.Game.Resources/bin/Debug/net10.0/Hagalaz.Game.Resources.dll
  Hagalaz.Game.Utilities -> /app/Hagalaz.Game.Utilities/bin/Debug/net10.0/Hagalaz.Game.Utilities.dll
  Hagalaz.Configuration -> /app/Hagalaz.Configuration/bin/Debug/net10.0/Hagalaz.Configuration.dll
  Hagalaz.Cache.Extensions -> /app/Hagalaz.Cache.Extensions/bin/Debug/net10.0/Hagalaz.Cache.Extensions.dll
  Hagalaz.DependencyInjection.Extensions -> /app/Hagalaz.DependencyInjection.Extensions/bin/Debug/net10.0/Hagalaz.DependencyInjection.Extensions.dll
  Hagalaz.Cache -> /app/Hagalaz.Cache/bin/Debug/net10.0/Hagalaz.Cache.dll
  Hagalaz.Game.Configuration -> /app/Hagalaz.Game.Configuration/bin/Debug/net10.0/Hagalaz.Game.Configuration.dll
  Hagalaz.Utilities -> /app/Hagalaz.Utilities/bin/Debug/net10.0/Hagalaz.Utilities.dll
  Hagalaz.Game.Abstractions -> /app/Hagalaz.Game.Abstractions/bin/Debug/net10.0/Hagalaz.Game.Abstractions.dll
  Hagalaz.Game.Extensions -> /app/Hagalaz.Game.Extensions/bin/Debug/net10.0/Hagalaz.Game.Extensions.dll
  Hagalaz.Game.Features -> /app/Hagalaz.Game.Features/bin/Debug/net10.0/Hagalaz.Game.Features.dll
  Hagalaz.Game -> /app/Hagalaz.Game/bin/Debug/net10.0/Hagalaz.Game.dll
  Hagalaz.Game.Common -> /app/Hagalaz.Game.Common/bin/Debug/net10.0/Hagalaz.Game.Common.dll
  Hagalaz.Game.Scripts -> /app/Hagalaz.Game.Scripts/bin/Debug/net10.0/Hagalaz.Game.Scripts.dll

Build succeeded.
    0 Warning(s)
    0 Error(s)

Time Elapsed 00:00:03.14
